2026-09-18 14:28:06 | INFO     | scripts.run_paper_session | SAFETY: LIVE_TRADING_ENABLED=False — paper only
2026-09-18 14:28:06 | INFO     | scripts.run_paper_session | history 1901 sessions | next weekly expiry 2026-09-22 | sessions to expiry 2
2026-09-18 14:28:07 | INFO     | scripts.run_paper_session | session seeded from 63 authentic candles: high 23362.0 low 23286.6 twap 23319.13
2026-09-18 14:28:07 | WARNING  | data.dhan_client | Dhan rate limit on marketfeed/ltp (HTTP 429). Backing off 1.5s...
2026-09-18 14:28:09 | WARNING  | data.dhan_client | Dhan rate limit on marketfeed/ltp (HTTP 429). Backing off 3.0s...
2026-09-18 14:28:12 | WARNING  | data.dhan_client | Dhan rate limit on marketfeed/ltp (HTTP 429). Backing off 4.5s...
2026-09-18 14:28:16 | WARNING  | data.dhan_client | Dhan marketfeed/ltp failed after 3 attempts.
2026-09-18 14:28:16 | ERROR    | execution.multileg_paper_broker | SESSION: index quote incomplete — cycle skipped
[14:28:07] CYCLE 1  DHAN: NO DATA — cycle skipped, no bot evaluated

[14:28:46] CYCLE 2
DHAN: LIVE 14:28:46 (local fetch)   NIFTY 23359.75   VIX 11.48   sessHi 23362.0 sessLo 23286.6 twap 23319.8
BOT1: WAIT           | REGIME_BLOCKED rsi=27.3 outside [40.0,68.0]
BOT2: WAIT           | NOT_ENTRY_SESSION: 2 sessions to 2026-09-22, entry is exactly 5
BOT6: WAIT           | NO_BREAKOUT rsi=27.3 ema9<ema21 hi=23362/prev23285 lo=23287/prev23116
BOT7: WAIT           | NOT_DISPLACED +40 vs +/-109 (twap 23320)
PAPER_POSITIONS: 0   CLOSED: 0   REALIZED: Rs 0.00   UNREALIZED: Rs 0.00   COSTS: Rs 0.00

[14:29:16] CYCLE 3
DHAN: LIVE 14:29:16 (local fetch)   NIFTY 23365.55   VIX 11.47   sessHi 23365.55 sessLo 23286.6 twap 23320.5
BOT1: WAIT           | REGIME_BLOCKED rsi=27.3 outside [40.0,68.0]
BOT2: WAIT           | NOT_ENTRY_SESSION: 2 sessions to 2026-09-22, entry is exactly 5
BOT6: WAIT           | NO_BREAKOUT rsi=27.3 ema9<ema21 hi=23366/prev23285 lo=23287/prev23116
BOT7: WAIT           | NOT_DISPLACED +45 vs +/-109 (twap 23320)
PAPER_POSITIONS: 0   CLOSED: 0   REALIZED: Rs 0.00   UNREALIZED: Rs 0.00   COSTS: Rs 0.00

[14:29:46] CYCLE 4
DHAN: LIVE 14:29:46 (local fetch)   NIFTY 23365.55   VIX 11.47   sessHi 23365.55 sessLo 23286.6 twap 23321.1
BOT1: WAIT           | REGIME_BLOCKED rsi=27.3 outside [40.0,68.0]
BOT2: WAIT           | NOT_ENTRY_SESSION: 2 sessions to 2026-09-22, entry is exactly 5
BOT6: WAIT           | NO_BREAKOUT rsi=27.3 ema9<ema21 hi=23366/prev23285 lo=23287/prev23116
BOT7: WAIT           | NOT_DISPLACED +44 vs +/-109 (twap 23321)
PAPER_POSITIONS: 0   CLOSED: 0   REALIZED: Rs 0.00   UNREALIZED: Rs 0.00   COSTS: Rs 0.00
